#-----------------------------------------------------------
# Vivado v2017.4 (64-bit)
# SW Build 2086221 on Fri Dec 15 20:55:39 MST 2017
# IP Build 2085800 on Fri Dec 15 22:25:07 MST 2017
# Start of session at: Thu Jul 27 22:15:39 2023
# Process ID: 8076
# Current directory: E:/Courses/CPU/Pipeline
# Command line: vivado.exe -gui_launcher_event rodinguilauncherevent24640 E:\Courses\CPU\Pipeline\Pipeline.xpr
# Log file: E:/Courses/CPU/Pipeline/vivado.log
# Journal file: E:/Courses/CPU/Pipeline\vivado.jou
#-----------------------------------------------------------
start_gui
open_project E:/Courses/CPU/Pipeline/Pipeline.xpr
update_compile_order -fileset sources_1
open_hw
connect_hw_server
open_hw_target
set_property PROGRAM.FILE {E:/Courses/CPU/Pipeline/Pipeline.runs/impl_1/top.bit} [get_hw_devices xc7a35t_0]
current_hw_device [get_hw_devices xc7a35t_0]
refresh_hw_device -update_hw_probes false [lindex [get_hw_devices xc7a35t_0] 0]
set_property PROBES.FILE {} [get_hw_devices xc7a35t_0]
set_property FULL_PROBES.FILE {} [get_hw_devices xc7a35t_0]
set_property PROGRAM.FILE {E:/Courses/CPU/Pipeline/Pipeline.runs/impl_1/top.bit} [get_hw_devices xc7a35t_0]
program_hw_devices [get_hw_devices xc7a35t_0]
refresh_hw_device [lindex [get_hw_devices xc7a35t_0] 0]
open_run synth_1 -name synth_1
reset_run synth_1
launch_runs synth_1 -jobs 4
wait_on_run synth_1
close_design
launch_simulation
open_wave_config E:/Courses/CPU/Pipeline/src/testbenches/test_cpu_behav.wcfg
source test_cpu.tcl
run 5 ms
close_sim
reset_run synth_1
launch_runs synth_1 -jobs 4
wait_on_run synth_1
reset_run synth_1
launch_runs synth_1 -jobs 4
wait_on_run synth_1
open_run synth_1 -name synth_1
reset_run synth_1
launch_runs synth_1 -jobs 4
wait_on_run synth_1
close_design
launch_runs impl_1 -jobs 4
wait_on_run impl_1
open_run synth_1 -name synth_1
close_design
open_run impl_1
open_run synth_1 -name synth_1
# Disabling source management mode.  This is to allow the top design properties to be set without GUI intervention.
set_property source_mgmt_mode None [current_project]
set_property top CPU [current_fileset]
# Re-enabling previously disabled source management mode.
set_property source_mgmt_mode All [current_project]
update_compile_order -fileset sources_1
reset_run synth_1
launch_runs synth_1 -jobs 4
wait_on_run synth_1
close_design
open_run synth_1 -name synth_1
# Disabling source management mode.  This is to allow the top design properties to be set without GUI intervention.
set_property source_mgmt_mode None [current_project]
set_property top Bus [current_fileset]
# Re-enabling previously disabled source management mode.
set_property source_mgmt_mode All [current_project]
update_compile_order -fileset sources_1
reset_run synth_1
launch_runs synth_1 -jobs 4
wait_on_run synth_1
close_design
open_run synth_1 -name synth_1
# Disabling source management mode.  This is to allow the top design properties to be set without GUI intervention.
set_property source_mgmt_mode None [current_project]
set_property top SSD [current_fileset]
# Re-enabling previously disabled source management mode.
set_property source_mgmt_mode All [current_project]
update_compile_order -fileset sources_1
reset_run synth_1
launch_runs synth_1 -jobs 4
wait_on_run synth_1
close_design
close_design
open_run synth_1 -name synth_1
reset_run synth_1
launch_runs synth_1 -jobs 4
wait_on_run synth_1
launch_simulation
open_wave_config E:/Courses/CPU/Pipeline/src/testbenches/test_cpu_behav.wcfg
source test_cpu.tcl
run 5 ms
close_sim
reset_run synth_1
launch_runs synth_1 -jobs 4
wait_on_run synth_1
close_design
open_run synth_1 -name synth_1
reset_run synth_1
launch_runs synth_1 -jobs 4
wait_on_run synth_1
close_design
open_run synth_1 -name synth_1
launch_simulation
open_wave_config E:/Courses/CPU/Pipeline/src/testbenches/test_cpu_behav.wcfg
source test_cpu.tcl
run 5 ms
# Disabling source management mode.  This is to allow the top design properties to be set without GUI intervention.
set_property source_mgmt_mode None [current_project]
set_property top top [current_fileset]
# Re-enabling previously disabled source management mode.
set_property source_mgmt_mode All [current_project]
update_compile_order -fileset sources_1
relaunch_sim
reset_run synth_1
close_sim
launch_simulation
open_wave_config E:/Courses/CPU/Pipeline/src/testbenches/test_cpu_behav.wcfg
source test_cpu.tcl
run 5 ms
# Disabling source management mode.  This is to allow the top design properties to be set without GUI intervention.
set_property source_mgmt_mode None [current_project]
set_property top SSD [current_fileset]
# Re-enabling previously disabled source management mode.
set_property source_mgmt_mode All [current_project]
update_compile_order -fileset sources_1
launch_runs synth_1 -jobs 4
wait_on_run synth_1
close_design
open_run synth_1 -name synth_1
reset_run synth_1
launch_runs synth_1 -jobs 4
wait_on_run synth_1
close_design
open_run synth_1 -name synth_1
close_sim
launch_simulation
open_wave_config E:/Courses/CPU/Pipeline/src/testbenches/test_cpu_behav.wcfg
source test_cpu.tcl
run 5 ms
add_bp {E:/Courses/CPU/Pipeline/src/designs/external_devices/SSD.v} 13
close_sim
launch_simulation
open_wave_config E:/Courses/CPU/Pipeline/src/testbenches/test_cpu_behav.wcfg
source test_cpu.tcl
run 5 ms
remove_bps -file {E:/Courses/CPU/Pipeline/src/designs/external_devices/SSD.v} -line 13
run 5 ms
relaunch_sim
relaunch_sim
add_wave {{/test_cpu/cpu_0/reg_file/rf_data[22]}} 
add_wave {{/test_cpu/cpu_0/program_counter/pc}} 
add_wave {{/test_cpu/cpu_0/bus/address}} 
run 5 ms
save_wave_config {E:/Courses/CPU/Pipeline/test_cpu_behav.wcfg}
add_files -fileset sim_1 -norecurse E:/Courses/CPU/Pipeline/test_cpu_behav.wcfg
set_property xsim.view {E:/Courses/CPU/Pipeline/src/testbenches/test_cpu_behav.wcfg E:/Courses/CPU/Pipeline/test_cpu_behav.wcfg} [get_filesets sim_1]
reset_run synth_1
launch_runs synth_1 -jobs 4
wait_on_run synth_1
close_design
open_run synth_1 -name synth_1
reset_run synth_1
launch_runs synth_1 -jobs 4
wait_on_run synth_1
close_design
open_run synth_1 -name synth_1
# Disabling source management mode.  This is to allow the top design properties to be set without GUI intervention.
set_property source_mgmt_mode None [current_project]
set_property top top [current_fileset]
# Re-enabling previously disabled source management mode.
set_property source_mgmt_mode All [current_project]
reset_run synth_1
launch_runs synth_1 -jobs 4
wait_on_run synth_1
close_design
open_run synth_1 -name synth_1
launch_runs impl_1 -jobs 4
wait_on_run impl_1
report_timing_summary -delay_type min_max -report_unconstrained -check_timing_verbose -max_paths 10 -input_pins -routable_nets -name timing_1
launch_runs impl_1 -to_step write_bitstream -jobs 4
wait_on_run impl_1
open_run impl_1
set_property PROBES.FILE {} [get_hw_devices xc7a35t_0]
set_property FULL_PROBES.FILE {} [get_hw_devices xc7a35t_0]
set_property PROGRAM.FILE {E:/Courses/CPU/Pipeline/Pipeline.runs/impl_1/top.bit} [get_hw_devices xc7a35t_0]
program_hw_devices [get_hw_devices xc7a35t_0]
refresh_hw_device [lindex [get_hw_devices xc7a35t_0] 0]
reset_run synth_1
launch_runs synth_1 -jobs 4
wait_on_run synth_1
launch_runs impl_1 -jobs 4
wait_on_run impl_1
launch_runs impl_1 -to_step write_bitstream -jobs 4
wait_on_run impl_1
set_property PROBES.FILE {} [get_hw_devices xc7a35t_0]
set_property FULL_PROBES.FILE {} [get_hw_devices xc7a35t_0]
set_property PROGRAM.FILE {E:/Courses/CPU/Pipeline/Pipeline.runs/impl_1/top.bit} [get_hw_devices xc7a35t_0]
program_hw_devices [get_hw_devices xc7a35t_0]
refresh_hw_device [lindex [get_hw_devices xc7a35t_0] 0]
close_hw
close_design
close_design
close_sim
