#-----------------------------------------------------------
# Vivado v2017.4 (64-bit)
# SW Build 2086221 on Fri Dec 15 20:55:39 MST 2017
# IP Build 2085800 on Fri Dec 15 22:25:07 MST 2017
# Start of session at: Fri Jul 28 00:22:18 2023
# Process ID: 21184
# Current directory: E:/Courses/CPU/Pipeline
# Command line: vivado.exe -gui_launcher_event rodinguilauncherevent1588 E:\Courses\CPU\Pipeline\Pipeline.xpr
# Log file: E:/Courses/CPU/Pipeline/vivado.log
# Journal file: E:/Courses/CPU/Pipeline\vivado.jou
#-----------------------------------------------------------
start_gui
open_project E:/Courses/CPU/Pipeline/Pipeline.xpr
update_compile_order -fileset sources_1
synth_design -rtl -name rtl_1
launch_simulation -mode post-synthesis -type functional
launch_simulation -mode post-implementation -type functional
launch_simulation
open_wave_config E:/Courses/CPU/Pipeline/src/testbenches/test_cpu_behav.wcfg
open_wave_config E:/Courses/CPU/Pipeline/test_cpu_behav.wcfg
source test_cpu.tcl
run 5 ms
report_timing_summary -delay_type min_max -report_unconstrained -check_timing_verbose -max_paths 10 -input_pins -routable_nets -name timing_1
close_sim
